// Jest Snapshot v1, https://goo.gl/fbAQLP

exports[`Renders 1`] = `
<div>
  <div
    class="flex font-sans"
  >
    <div
      class="min-w-12 w-full max-w-56 relative"
    />
    <form
      class="flex-auto p-6"
    >
      <div
        class="flex flex-wrap"
      >
        <h1
          class="flex-auto font-medium text-slate-900"
        >
          Shrimp
        </h1>
        <div
          class="w-full flex-none mt-2 order-1 text-3xl font-bold text-violet-600"
        >
          € 10,5
        </div>
        <div
          class="text-sm font-medium text-slate-400"
        >
          10
        </div>
      </div>
      <div
        class="flex items-baseline mt-4 mb-6 pb-6 border-b border-slate-200"
      >
        <div
          class="space-x-2 flex text-sm font-bold"
        >
          <label>
            <input
              class="sr-only peer"
              name="size"
              type="radio"
              value="xs"
            />
            <div
              class="w-9 h-9 rounded-full flex items-center justify-center text-violet-400 peer-checked:bg-violet-600 peer-checked:text-white"
            >
              XS
            </div>
          </label>
          <label>
            <input
              class="sr-only peer"
              name="size"
              type="radio"
              value="s"
            />
            <div
              class="w-9 h-9 rounded-full flex items-center justify-center text-violet-400 peer-checked:bg-violet-600 peer-checked:text-white"
            >
              S
            </div>
          </label>
          <label>
            <input
              class="sr-only peer"
              name="size"
              type="radio"
              value="m"
            />
            <div
              class="w-9 h-9 rounded-full flex items-center justify-center text-violet-400 peer-checked:bg-violet-600 peer-checked:text-white"
            >
              M
            </div>
          </label>
          <label>
            <input
              class="sr-only peer"
              name="size"
              type="radio"
              value="l"
            />
            <div
              class="w-9 h-9 rounded-full flex items-center justify-center text-violet-400 peer-checked:bg-violet-600 peer-checked:text-white"
            >
              L
            </div>
          </label>
          <label>
            <input
              class="sr-only peer"
              name="size"
              type="radio"
              value="xl"
            />
            <div
              class="w-9 h-9 rounded-full flex items-center justify-center text-violet-400 peer-checked:bg-violet-600 peer-checked:text-white"
            >
              XL
            </div>
          </label>
        </div>
      </div>
      <div
        class="flex space-x-4 mb-5 text-sm font-medium"
      >
        <div
          class="flex-auto flex space-x-4"
        >
          <button
            class="h-10 px-6 font-semibold rounded-full bg-violet-600 text-white"
            type="submit"
          >
            Buy now
          </button>
          <button
            class="h-10 px-6 font-semibold rounded-full border border-slate-200 text-slate-900"
            role="add-to-cart"
            type="button"
          >
            Add to bag
          </button>
        </div>
        <button
          aria-label="Like"
          class="flex-none flex items-center justify-center w-9 h-9 rounded-full text-violet-600 bg-violet-50"
          type="button"
        >
          <svg
            aria-hidden="true"
            fill="currentColor"
            height="20"
            width="20"
          >
            <path
              clip-rule="evenodd"
              d="M3.172 5.172a4 4 0 015.656 0L10 6.343l1.172-1.171a4 4 0 115.656 5.656L10 17.657l-6.828-6.829a4 4 0 010-5.656z"
              fill-rule="evenodd"
            />
          </svg>
        </button>
      </div>
      <p
        class="text-sm text-slate-500"
      >
        Free shipping on all continental US orders.
      </p>
    </form>
  </div>
</div>
`;
